---
source: src/main.rs
assertion_line: 277
expression: spec
---
{
  "openapi": "3.0.0",
  "info": {
    "title": "rust-redis-webserver",
    "version": "0.1.0"
  },
  "paths": {
    "/health": {
      "get": {
        "tags": [
          "Health"
        ],
        "operationId": "handlers_health_health",
        "responses": {
          "200": {
            "description": "",
            "content": {
              "application/json": {
                "schema": {
                  "$ref": "#/components/schemas/HealthResponse"
                }
              }
            }
          }
        }
      }
    },
    "/sessions": {
      "get": {
        "description": "List all sessions",
        "operationId": "handlers_sessions_list",
        "responses": {
          "200": {
            "description": "",
            "content": {
              "application/json": {
                "schema": {
                  "$ref": "#/components/schemas/ListSessionsOutput"
                }
              }
            }
          },
          "400": {
            "description": "# [400 Bad Request](https://developer.mozilla.org/en-US/docs/Web/HTTP/Status/400)\nThe request given is wrongly formatted or data asked could not be fulfilled. "
          },
          "404": {
            "description": "# [404 Not Found](https://developer.mozilla.org/en-US/docs/Web/HTTP/Status/404)\nThis response is given when you request a page that does not exists."
          },
          "422": {
            "description": "# [422 Unprocessable Entity](https://developer.mozilla.org/en-US/docs/Web/HTTP/Status/422)\nThis response is given when you request body is not correctly formatted. "
          },
          "500": {
            "description": "# [500 Internal Server Error](https://developer.mozilla.org/en-US/docs/Web/HTTP/Status/500)\nThis response is given when something wend wrong on the server. "
          }
        },
        "security": [
          {
            "Bearer": []
          }
        ]
      },
      "post": {
        "description": "Create a new session",
        "operationId": "handlers_sessions_create",
        "requestBody": {
          "content": {
            "application/json": {
              "schema": {
                "$ref": "#/components/schemas/CreateSessionInput"
              }
            }
          },
          "required": true
        },
        "responses": {
          "200": {
            "description": "",
            "content": {
              "application/json": {
                "schema": {
                  "$ref": "#/components/schemas/CreateSessionOutput"
                }
              }
            }
          },
          "400": {
            "description": "# [400 Bad Request](https://developer.mozilla.org/en-US/docs/Web/HTTP/Status/400)\nThe request given is wrongly formatted or data asked could not be fulfilled. "
          },
          "404": {
            "description": "# [404 Not Found](https://developer.mozilla.org/en-US/docs/Web/HTTP/Status/404)\nThis response is given when you request a page that does not exists."
          },
          "422": {
            "description": "# [422 Unprocessable Entity](https://developer.mozilla.org/en-US/docs/Web/HTTP/Status/422)\nThis response is given when you request body is not correctly formatted. "
          },
          "500": {
            "description": "# [500 Internal Server Error](https://developer.mozilla.org/en-US/docs/Web/HTTP/Status/500)\nThis response is given when something wend wrong on the server. "
          }
        },
        "security": [
          {
            "Bearer": []
          }
        ]
      }
    },
    "/sessions/{id}": {
      "get": {
        "description": "Read (retrieve) a session by ID",
        "operationId": "handlers_sessions_read",
        "parameters": [
          {
            "name": "id",
            "in": "path",
            "required": true,
            "schema": {
              "type": "string"
            }
          }
        ],
        "responses": {
          "200": {
            "description": "",
            "content": {
              "application/json": {
                "schema": {
                  "$ref": "#/components/schemas/ReadSessionOutput"
                }
              }
            }
          },
          "400": {
            "description": "# [400 Bad Request](https://developer.mozilla.org/en-US/docs/Web/HTTP/Status/400)\nThe request given is wrongly formatted or data asked could not be fulfilled. "
          },
          "404": {
            "description": "# [404 Not Found](https://developer.mozilla.org/en-US/docs/Web/HTTP/Status/404)\nThis response is given when you request a page that does not exists."
          },
          "422": {
            "description": "# [422 Unprocessable Entity](https://developer.mozilla.org/en-US/docs/Web/HTTP/Status/422)\nThis response is given when you request body is not correctly formatted. "
          },
          "500": {
            "description": "# [500 Internal Server Error](https://developer.mozilla.org/en-US/docs/Web/HTTP/Status/500)\nThis response is given when something wend wrong on the server. "
          }
        },
        "security": [
          {
            "Bearer": []
          }
        ]
      },
      "put": {
        "description": "Update an existing session (PUT - full replacement)",
        "operationId": "handlers_sessions_update",
        "parameters": [
          {
            "name": "id",
            "in": "path",
            "required": true,
            "schema": {
              "type": "string"
            }
          }
        ],
        "requestBody": {
          "content": {
            "application/json": {
              "schema": {
                "$ref": "#/components/schemas/UpdateSessionInput"
              }
            }
          },
          "required": true
        },
        "responses": {
          "200": {
            "description": "",
            "content": {
              "application/json": {
                "schema": {
                  "$ref": "#/components/schemas/UpdateSessionOutput"
                }
              }
            }
          },
          "400": {
            "description": "# [400 Bad Request](https://developer.mozilla.org/en-US/docs/Web/HTTP/Status/400)\nThe request given is wrongly formatted or data asked could not be fulfilled. "
          },
          "404": {
            "description": "# [404 Not Found](https://developer.mozilla.org/en-US/docs/Web/HTTP/Status/404)\nThis response is given when you request a page that does not exists."
          },
          "422": {
            "description": "# [422 Unprocessable Entity](https://developer.mozilla.org/en-US/docs/Web/HTTP/Status/422)\nThis response is given when you request body is not correctly formatted. "
          },
          "500": {
            "description": "# [500 Internal Server Error](https://developer.mozilla.org/en-US/docs/Web/HTTP/Status/500)\nThis response is given when something wend wrong on the server. "
          }
        },
        "security": [
          {
            "Bearer": []
          }
        ]
      },
      "delete": {
        "description": "Delete a session by ID",
        "operationId": "handlers_sessions_delete",
        "parameters": [
          {
            "name": "id",
            "in": "path",
            "required": true,
            "schema": {
              "type": "string"
            }
          }
        ],
        "responses": {
          "200": {
            "description": "",
            "content": {
              "application/json": {
                "schema": {
                  "$ref": "#/components/schemas/DeleteSessionOutput"
                }
              }
            }
          },
          "400": {
            "description": "# [400 Bad Request](https://developer.mozilla.org/en-US/docs/Web/HTTP/Status/400)\nThe request given is wrongly formatted or data asked could not be fulfilled. "
          },
          "404": {
            "description": "# [404 Not Found](https://developer.mozilla.org/en-US/docs/Web/HTTP/Status/404)\nThis response is given when you request a page that does not exists."
          },
          "422": {
            "description": "# [422 Unprocessable Entity](https://developer.mozilla.org/en-US/docs/Web/HTTP/Status/422)\nThis response is given when you request body is not correctly formatted. "
          },
          "500": {
            "description": "# [500 Internal Server Error](https://developer.mozilla.org/en-US/docs/Web/HTTP/Status/500)\nThis response is given when something wend wrong on the server. "
          }
        },
        "security": [
          {
            "Bearer": []
          }
        ]
      }
    },
    "/prompts": {
      "post": {
        "description": "Create a new prompt",
        "operationId": "handlers_prompts_create",
        "requestBody": {
          "content": {
            "application/json": {
              "schema": {
                "$ref": "#/components/schemas/CreatePromptInput"
              }
            }
          },
          "required": true
        },
        "responses": {
          "200": {
            "description": "",
            "content": {
              "application/json": {
                "schema": {
                  "$ref": "#/components/schemas/CreatePromptOutput"
                }
              }
            }
          },
          "400": {
            "description": "# [400 Bad Request](https://developer.mozilla.org/en-US/docs/Web/HTTP/Status/400)\nThe request given is wrongly formatted or data asked could not be fulfilled. "
          },
          "404": {
            "description": "# [404 Not Found](https://developer.mozilla.org/en-US/docs/Web/HTTP/Status/404)\nThis response is given when you request a page that does not exists."
          },
          "422": {
            "description": "# [422 Unprocessable Entity](https://developer.mozilla.org/en-US/docs/Web/HTTP/Status/422)\nThis response is given when you request body is not correctly formatted. "
          },
          "500": {
            "description": "# [500 Internal Server Error](https://developer.mozilla.org/en-US/docs/Web/HTTP/Status/500)\nThis response is given when something wend wrong on the server. "
          }
        },
        "security": [
          {
            "Bearer": []
          }
        ]
      }
    },
    "/prompts/{id}": {
      "get": {
        "description": "Read (retrieve) a prompt by ID",
        "operationId": "handlers_prompts_read",
        "parameters": [
          {
            "name": "id",
            "in": "path",
            "required": true,
            "schema": {
              "type": "string"
            }
          }
        ],
        "responses": {
          "200": {
            "description": "",
            "content": {
              "application/json": {
                "schema": {
                  "$ref": "#/components/schemas/ReadPromptOutput"
                }
              }
            }
          },
          "400": {
            "description": "# [400 Bad Request](https://developer.mozilla.org/en-US/docs/Web/HTTP/Status/400)\nThe request given is wrongly formatted or data asked could not be fulfilled. "
          },
          "404": {
            "description": "# [404 Not Found](https://developer.mozilla.org/en-US/docs/Web/HTTP/Status/404)\nThis response is given when you request a page that does not exists."
          },
          "422": {
            "description": "# [422 Unprocessable Entity](https://developer.mozilla.org/en-US/docs/Web/HTTP/Status/422)\nThis response is given when you request body is not correctly formatted. "
          },
          "500": {
            "description": "# [500 Internal Server Error](https://developer.mozilla.org/en-US/docs/Web/HTTP/Status/500)\nThis response is given when something wend wrong on the server. "
          }
        },
        "security": [
          {
            "Bearer": []
          }
        ]
      },
      "put": {
        "description": "Update an existing prompt (PUT - full replacement)",
        "operationId": "handlers_prompts_update",
        "parameters": [
          {
            "name": "id",
            "in": "path",
            "required": true,
            "schema": {
              "type": "string"
            }
          }
        ],
        "requestBody": {
          "content": {
            "application/json": {
              "schema": {
                "$ref": "#/components/schemas/UpdatePromptInput"
              }
            }
          },
          "required": true
        },
        "responses": {
          "200": {
            "description": "",
            "content": {
              "application/json": {
                "schema": {
                  "$ref": "#/components/schemas/UpdatePromptOutput"
                }
              }
            }
          },
          "400": {
            "description": "# [400 Bad Request](https://developer.mozilla.org/en-US/docs/Web/HTTP/Status/400)\nThe request given is wrongly formatted or data asked could not be fulfilled. "
          },
          "404": {
            "description": "# [404 Not Found](https://developer.mozilla.org/en-US/docs/Web/HTTP/Status/404)\nThis response is given when you request a page that does not exists."
          },
          "422": {
            "description": "# [422 Unprocessable Entity](https://developer.mozilla.org/en-US/docs/Web/HTTP/Status/422)\nThis response is given when you request body is not correctly formatted. "
          },
          "500": {
            "description": "# [500 Internal Server Error](https://developer.mozilla.org/en-US/docs/Web/HTTP/Status/500)\nThis response is given when something wend wrong on the server. "
          }
        },
        "security": [
          {
            "Bearer": []
          }
        ]
      },
      "delete": {
        "description": "Delete a prompt by ID",
        "operationId": "handlers_prompts_delete",
        "parameters": [
          {
            "name": "id",
            "in": "path",
            "required": true,
            "schema": {
              "type": "string"
            }
          }
        ],
        "responses": {
          "200": {
            "description": "",
            "content": {
              "application/json": {
                "schema": {
                  "$ref": "#/components/schemas/DeletePromptOutput"
                }
              }
            }
          },
          "400": {
            "description": "# [400 Bad Request](https://developer.mozilla.org/en-US/docs/Web/HTTP/Status/400)\nThe request given is wrongly formatted or data asked could not be fulfilled. "
          },
          "404": {
            "description": "# [404 Not Found](https://developer.mozilla.org/en-US/docs/Web/HTTP/Status/404)\nThis response is given when you request a page that does not exists."
          },
          "422": {
            "description": "# [422 Unprocessable Entity](https://developer.mozilla.org/en-US/docs/Web/HTTP/Status/422)\nThis response is given when you request body is not correctly formatted. "
          },
          "500": {
            "description": "# [500 Internal Server Error](https://developer.mozilla.org/en-US/docs/Web/HTTP/Status/500)\nThis response is given when something wend wrong on the server. "
          }
        },
        "security": [
          {
            "Bearer": []
          }
        ]
      }
    },
    "/sessions/{session_id}/prompts": {
      "get": {
        "description": "List all prompts for a session",
        "operationId": "handlers_prompts_list",
        "parameters": [
          {
            "name": "session_id",
            "in": "path",
            "required": true,
            "schema": {
              "type": "string"
            }
          }
        ],
        "responses": {
          "200": {
            "description": "",
            "content": {
              "application/json": {
                "schema": {
                  "$ref": "#/components/schemas/ListPromptsOutput"
                }
              }
            }
          },
          "400": {
            "description": "# [400 Bad Request](https://developer.mozilla.org/en-US/docs/Web/HTTP/Status/400)\nThe request given is wrongly formatted or data asked could not be fulfilled. "
          },
          "404": {
            "description": "# [404 Not Found](https://developer.mozilla.org/en-US/docs/Web/HTTP/Status/404)\nThis response is given when you request a page that does not exists."
          },
          "422": {
            "description": "# [422 Unprocessable Entity](https://developer.mozilla.org/en-US/docs/Web/HTTP/Status/422)\nThis response is given when you request body is not correctly formatted. "
          },
          "500": {
            "description": "# [500 Internal Server Error](https://developer.mozilla.org/en-US/docs/Web/HTTP/Status/500)\nThis response is given when something wend wrong on the server. "
          }
        },
        "security": [
          {
            "Bearer": []
          }
        ]
      }
    },
    "/messages": {
      "post": {
        "description": "Create a new message",
        "operationId": "handlers_messages_create",
        "requestBody": {
          "content": {
            "application/json": {
              "schema": {
                "$ref": "#/components/schemas/CreateMessageInput"
              }
            }
          },
          "required": true
        },
        "responses": {
          "200": {
            "description": "",
            "content": {
              "application/json": {
                "schema": {
                  "$ref": "#/components/schemas/CreateMessageOutput"
                }
              }
            }
          },
          "400": {
            "description": "# [400 Bad Request](https://developer.mozilla.org/en-US/docs/Web/HTTP/Status/400)\nThe request given is wrongly formatted or data asked could not be fulfilled. "
          },
          "404": {
            "description": "# [404 Not Found](https://developer.mozilla.org/en-US/docs/Web/HTTP/Status/404)\nThis response is given when you request a page that does not exists."
          },
          "422": {
            "description": "# [422 Unprocessable Entity](https://developer.mozilla.org/en-US/docs/Web/HTTP/Status/422)\nThis response is given when you request body is not correctly formatted. "
          },
          "500": {
            "description": "# [500 Internal Server Error](https://developer.mozilla.org/en-US/docs/Web/HTTP/Status/500)\nThis response is given when something wend wrong on the server. "
          }
        },
        "security": [
          {
            "Bearer": []
          }
        ]
      }
    },
    "/messages/{id}": {
      "get": {
        "description": "Read (retrieve) a message by ID",
        "operationId": "handlers_messages_read",
        "parameters": [
          {
            "name": "id",
            "in": "path",
            "required": true,
            "schema": {
              "type": "string"
            }
          }
        ],
        "responses": {
          "200": {
            "description": "",
            "content": {
              "application/json": {
                "schema": {
                  "$ref": "#/components/schemas/ReadMessageOutput"
                }
              }
            }
          },
          "400": {
            "description": "# [400 Bad Request](https://developer.mozilla.org/en-US/docs/Web/HTTP/Status/400)\nThe request given is wrongly formatted or data asked could not be fulfilled. "
          },
          "404": {
            "description": "# [404 Not Found](https://developer.mozilla.org/en-US/docs/Web/HTTP/Status/404)\nThis response is given when you request a page that does not exists."
          },
          "422": {
            "description": "# [422 Unprocessable Entity](https://developer.mozilla.org/en-US/docs/Web/HTTP/Status/422)\nThis response is given when you request body is not correctly formatted. "
          },
          "500": {
            "description": "# [500 Internal Server Error](https://developer.mozilla.org/en-US/docs/Web/HTTP/Status/500)\nThis response is given when something wend wrong on the server. "
          }
        },
        "security": [
          {
            "Bearer": []
          }
        ]
      },
      "put": {
        "description": "Update an existing message (PUT - full replacement)",
        "operationId": "handlers_messages_update",
        "parameters": [
          {
            "name": "id",
            "in": "path",
            "required": true,
            "schema": {
              "type": "string"
            }
          }
        ],
        "requestBody": {
          "content": {
            "application/json": {
              "schema": {
                "$ref": "#/components/schemas/UpdateMessageInput"
              }
            }
          },
          "required": true
        },
        "responses": {
          "200": {
            "description": "",
            "content": {
              "application/json": {
                "schema": {
                  "$ref": "#/components/schemas/UpdateMessageOutput"
                }
              }
            }
          },
          "400": {
            "description": "# [400 Bad Request](https://developer.mozilla.org/en-US/docs/Web/HTTP/Status/400)\nThe request given is wrongly formatted or data asked could not be fulfilled. "
          },
          "404": {
            "description": "# [404 Not Found](https://developer.mozilla.org/en-US/docs/Web/HTTP/Status/404)\nThis response is given when you request a page that does not exists."
          },
          "422": {
            "description": "# [422 Unprocessable Entity](https://developer.mozilla.org/en-US/docs/Web/HTTP/Status/422)\nThis response is given when you request body is not correctly formatted. "
          },
          "500": {
            "description": "# [500 Internal Server Error](https://developer.mozilla.org/en-US/docs/Web/HTTP/Status/500)\nThis response is given when something wend wrong on the server. "
          }
        },
        "security": [
          {
            "Bearer": []
          }
        ]
      },
      "delete": {
        "description": "Delete a message by ID",
        "operationId": "handlers_messages_delete",
        "parameters": [
          {
            "name": "id",
            "in": "path",
            "required": true,
            "schema": {
              "type": "string"
            }
          }
        ],
        "responses": {
          "200": {
            "description": "",
            "content": {
              "application/json": {
                "schema": {
                  "$ref": "#/components/schemas/DeleteMessageOutput"
                }
              }
            }
          },
          "400": {
            "description": "# [400 Bad Request](https://developer.mozilla.org/en-US/docs/Web/HTTP/Status/400)\nThe request given is wrongly formatted or data asked could not be fulfilled. "
          },
          "404": {
            "description": "# [404 Not Found](https://developer.mozilla.org/en-US/docs/Web/HTTP/Status/404)\nThis response is given when you request a page that does not exists."
          },
          "422": {
            "description": "# [422 Unprocessable Entity](https://developer.mozilla.org/en-US/docs/Web/HTTP/Status/422)\nThis response is given when you request body is not correctly formatted. "
          },
          "500": {
            "description": "# [500 Internal Server Error](https://developer.mozilla.org/en-US/docs/Web/HTTP/Status/500)\nThis response is given when something wend wrong on the server. "
          }
        },
        "security": [
          {
            "Bearer": []
          }
        ]
      }
    },
    "/prompts/{prompt_id}/messages": {
      "get": {
        "description": "List all messages for a prompt",
        "operationId": "handlers_messages_list",
        "parameters": [
          {
            "name": "prompt_id",
            "in": "path",
            "required": true,
            "schema": {
              "type": "string"
            }
          }
        ],
        "responses": {
          "200": {
            "description": "",
            "content": {
              "application/json": {
                "schema": {
                  "$ref": "#/components/schemas/ListMessagesOutput"
                }
              }
            }
          },
          "400": {
            "description": "# [400 Bad Request](https://developer.mozilla.org/en-US/docs/Web/HTTP/Status/400)\nThe request given is wrongly formatted or data asked could not be fulfilled. "
          },
          "404": {
            "description": "# [404 Not Found](https://developer.mozilla.org/en-US/docs/Web/HTTP/Status/404)\nThis response is given when you request a page that does not exists."
          },
          "422": {
            "description": "# [422 Unprocessable Entity](https://developer.mozilla.org/en-US/docs/Web/HTTP/Status/422)\nThis response is given when you request body is not correctly formatted. "
          },
          "500": {
            "description": "# [500 Internal Server Error](https://developer.mozilla.org/en-US/docs/Web/HTTP/Status/500)\nThis response is given when something wend wrong on the server. "
          }
        },
        "security": [
          {
            "Bearer": []
          }
        ]
      }
    }
  },
  "components": {
    "schemas": {
      "HealthResponse": {
        "type": "object",
        "required": [
          "status"
        ],
        "properties": {
          "status": {
            "type": "string"
          }
        }
      },
      "CreateSessionOutput": {
        "type": "object",
        "required": [
          "id",
          "message",
          "success"
        ],
        "properties": {
          "success": {
            "type": "boolean"
          },
          "message": {
            "type": "string"
          },
          "id": {
            "type": "string"
          }
        }
      },
      "CreateSessionInput": {
        "type": "object",
        "required": [
          "repo",
          "target_branch"
        ],
        "properties": {
          "parent": {
            "type": "string",
            "nullable": true
          },
          "repo": {
            "type": "string"
          },
          "target_branch": {
            "type": "string"
          }
        }
      },
      "ReadSessionOutput": {
        "type": "object",
        "required": [
          "session"
        ],
        "properties": {
          "session": {
            "$ref": "#/components/schemas/SessionDto"
          }
        }
      },
      "SessionDto": {
        "type": "object",
        "required": [
          "created_at",
          "id",
          "session_status",
          "updated_at"
        ],
        "properties": {
          "id": {
            "type": "string"
          },
          "sbx_config": {
            "nullable": true
          },
          "parent": {
            "type": "string",
            "nullable": true
          },
          "branch": {
            "type": "string",
            "nullable": true
          },
          "repo": {
            "type": "string",
            "nullable": true
          },
          "target_branch": {
            "type": "string",
            "nullable": true
          },
          "title": {
            "type": "string",
            "nullable": true
          },
          "session_status": {
            "$ref": "#/components/schemas/SessionStatus"
          },
          "created_at": {
            "type": "string"
          },
          "updated_at": {
            "type": "string"
          },
          "deleted_at": {
            "type": "string",
            "nullable": true
          }
        }
      },
      "SessionStatus": {
        "type": "string",
        "enum": [
          "Active",
          "Archived"
        ]
      },
      "ListSessionsOutput": {
        "type": "object",
        "required": [
          "sessions"
        ],
        "properties": {
          "sessions": {
            "type": "array",
            "items": {
              "$ref": "#/components/schemas/SessionDto"
            }
          }
        }
      },
      "UpdateSessionOutput": {
        "type": "object",
        "required": [
          "message",
          "success"
        ],
        "properties": {
          "success": {
            "type": "boolean"
          },
          "message": {
            "type": "string"
          }
        }
      },
      "UpdateSessionInput": {
        "type": "object",
        "required": [
          "id"
        ],
        "properties": {
          "id": {
            "type": "string"
          },
          "sbx_config": {
            "nullable": true
          },
          "parent": {
            "type": "string",
            "nullable": true
          },
          "branch": {
            "type": "string",
            "nullable": true
          },
          "repo": {
            "type": "string",
            "nullable": true
          },
          "target_branch": {
            "type": "string",
            "nullable": true
          },
          "title": {
            "type": "string",
            "nullable": true
          },
          "session_status": {
            "allOf": [
              {
                "$ref": "#/components/schemas/SessionStatus"
              }
            ],
            "nullable": true
          }
        }
      },
      "DeleteSessionOutput": {
        "type": "object",
        "required": [
          "message",
          "success"
        ],
        "properties": {
          "success": {
            "type": "boolean"
          },
          "message": {
            "type": "string"
          }
        }
      },
      "CreatePromptInput": {
        "type": "object",
        "required": [
          "data",
          "session_id"
        ],
        "properties": {
          "session_id": {
            "type": "string"
          },
          "data": {}
        }
      },
      "CreatePromptOutput": {
        "type": "object",
        "required": [
          "id",
          "message",
          "success"
        ],
        "properties": {
          "success": {
            "type": "boolean"
          },
          "message": {
            "type": "string"
          },
          "id": {
            "type": "string"
          }
        }
      },
      "PromptDto": {
        "type": "object",
        "required": [
          "created_at",
          "data",
          "id",
          "inbox_status",
          "session_id",
          "updated_at"
        ],
        "properties": {
          "id": {
            "type": "string"
          },
          "session_id": {
            "type": "string"
          },
          "data": {},
          "inbox_status": {
            "$ref": "#/components/schemas/InboxStatus"
          },
          "created_at": {
            "type": "string"
          },
          "updated_at": {
            "type": "string"
          }
        }
      },
      "InboxStatus": {
        "type": "string",
        "enum": [
          "Pending",
          "Active",
          "Completed",
          "Archived"
        ]
      },
      "ReadPromptOutput": {
        "type": "object",
        "required": [
          "prompt"
        ],
        "properties": {
          "prompt": {
            "$ref": "#/components/schemas/PromptDto"
          }
        }
      },
      "ListPromptsOutput": {
        "type": "object",
        "required": [
          "prompts"
        ],
        "properties": {
          "prompts": {
            "type": "array",
            "items": {
              "$ref": "#/components/schemas/PromptDto"
            }
          }
        }
      },
      "UpdatePromptInput": {
        "type": "object",
        "required": [
          "data"
        ],
        "properties": {
          "data": {}
        }
      },
      "UpdatePromptOutput": {
        "type": "object",
        "required": [
          "message",
          "success"
        ],
        "properties": {
          "success": {
            "type": "boolean"
          },
          "message": {
            "type": "string"
          }
        }
      },
      "DeletePromptOutput": {
        "type": "object",
        "required": [
          "message",
          "success"
        ],
        "properties": {
          "success": {
            "type": "boolean"
          },
          "message": {
            "type": "string"
          }
        }
      },
      "CreateMessageInput": {
        "type": "object",
        "required": [
          "data",
          "prompt_id"
        ],
        "properties": {
          "prompt_id": {
            "type": "string"
          },
          "data": {}
        }
      },
      "CreateMessageOutput": {
        "type": "object",
        "required": [
          "id",
          "message",
          "success"
        ],
        "properties": {
          "success": {
            "type": "boolean"
          },
          "message": {
            "type": "string"
          },
          "id": {
            "type": "string"
          }
        }
      },
      "MessageDto": {
        "type": "object",
        "required": [
          "created_at",
          "data",
          "id",
          "prompt_id",
          "updated_at"
        ],
        "properties": {
          "id": {
            "type": "string"
          },
          "prompt_id": {
            "type": "string"
          },
          "data": {},
          "created_at": {
            "type": "string"
          },
          "updated_at": {
            "type": "string"
          }
        }
      },
      "ReadMessageOutput": {
        "type": "object",
        "required": [
          "message"
        ],
        "properties": {
          "message": {
            "$ref": "#/components/schemas/MessageDto"
          }
        }
      },
      "ListMessagesOutput": {
        "type": "object",
        "required": [
          "messages"
        ],
        "properties": {
          "messages": {
            "type": "array",
            "items": {
              "$ref": "#/components/schemas/MessageDto"
            }
          }
        }
      },
      "UpdateMessageInput": {
        "type": "object",
        "required": [
          "data"
        ],
        "properties": {
          "data": {}
        }
      },
      "UpdateMessageOutput": {
        "type": "object",
        "required": [
          "message",
          "success"
        ],
        "properties": {
          "success": {
            "type": "boolean"
          },
          "message": {
            "type": "string"
          }
        }
      },
      "DeleteMessageOutput": {
        "type": "object",
        "required": [
          "message",
          "success"
        ],
        "properties": {
          "success": {
            "type": "boolean"
          },
          "message": {
            "type": "string"
          }
        }
      }
    },
    "securitySchemes": {
      "Bearer": {
        "description": "JWT Bearer token from Keycloak",
        "type": "http",
        "scheme": "bearer",
        "bearerFormat": "JWT"
      }
    }
  }
}
