---
source: src/main.rs
expression: spec
---
{
  "openapi": "3.0.0",
  "info": {
    "title": "rust-redis-webserver",
    "version": "0.1.0"
  },
  "paths": {
    "/health": {
      "get": {
        "tags": [
          "Health"
        ],
        "operationId": "handlers_health_health",
        "responses": {
          "200": {
            "description": "",
            "content": {
              "application/json": {
                "schema": {
                  "$ref": "#/components/schemas/HealthResponse"
                }
              }
            }
          }
        }
      }
    },
    "/sessions": {
      "get": {
        "description": "List all sessions",
        "operationId": "handlers_sessions_list",
        "responses": {
          "200": {
            "description": "",
            "content": {
              "application/json": {
                "schema": {
                  "$ref": "#/components/schemas/ListSessionsOutput"
                }
              }
            }
          },
          "400": {
            "description": "# [400 Bad Request](https://developer.mozilla.org/en-US/docs/Web/HTTP/Status/400)\nThe request given is wrongly formatted or data asked could not be fulfilled. "
          },
          "404": {
            "description": "# [404 Not Found](https://developer.mozilla.org/en-US/docs/Web/HTTP/Status/404)\nThis response is given when you request a page that does not exists."
          },
          "422": {
            "description": "# [422 Unprocessable Entity](https://developer.mozilla.org/en-US/docs/Web/HTTP/Status/422)\nThis response is given when you request body is not correctly formatted. "
          },
          "500": {
            "description": "# [500 Internal Server Error](https://developer.mozilla.org/en-US/docs/Web/HTTP/Status/500)\nThis response is given when something wend wrong on the server. "
          }
        },
        "security": [
          {
            "Bearer": []
          }
        ]
      },
      "post": {
        "description": "Create a new session",
        "operationId": "handlers_sessions_create",
        "requestBody": {
          "content": {
            "application/json": {
              "schema": {
                "$ref": "#/components/schemas/CreateSessionInput"
              }
            }
          },
          "required": true
        },
        "responses": {
          "200": {
            "description": "",
            "content": {
              "application/json": {
                "schema": {
                  "$ref": "#/components/schemas/CreateSessionOutput"
                }
              }
            }
          },
          "400": {
            "description": "# [400 Bad Request](https://developer.mozilla.org/en-US/docs/Web/HTTP/Status/400)\nThe request given is wrongly formatted or data asked could not be fulfilled. "
          },
          "404": {
            "description": "# [404 Not Found](https://developer.mozilla.org/en-US/docs/Web/HTTP/Status/404)\nThis response is given when you request a page that does not exists."
          },
          "422": {
            "description": "# [422 Unprocessable Entity](https://developer.mozilla.org/en-US/docs/Web/HTTP/Status/422)\nThis response is given when you request body is not correctly formatted. "
          },
          "500": {
            "description": "# [500 Internal Server Error](https://developer.mozilla.org/en-US/docs/Web/HTTP/Status/500)\nThis response is given when something wend wrong on the server. "
          }
        },
        "security": [
          {
            "Bearer": []
          }
        ]
      }
    },
    "/sessions/with-prompt": {
      "post": {
        "description": "Create a new session with an initial prompt",
        "operationId": "handlers_sessions_create_with_prompt",
        "requestBody": {
          "content": {
            "application/json": {
              "schema": {
                "$ref": "#/components/schemas/CreateSessionWithPromptInput"
              }
            }
          },
          "required": true
        },
        "responses": {
          "200": {
            "description": "",
            "content": {
              "application/json": {
                "schema": {
                  "$ref": "#/components/schemas/CreateSessionWithPromptOutput"
                }
              }
            }
          },
          "400": {
            "description": "# [400 Bad Request](https://developer.mozilla.org/en-US/docs/Web/HTTP/Status/400)\nThe request given is wrongly formatted or data asked could not be fulfilled. "
          },
          "404": {
            "description": "# [404 Not Found](https://developer.mozilla.org/en-US/docs/Web/HTTP/Status/404)\nThis response is given when you request a page that does not exists."
          },
          "422": {
            "description": "# [422 Unprocessable Entity](https://developer.mozilla.org/en-US/docs/Web/HTTP/Status/422)\nThis response is given when you request body is not correctly formatted. "
          },
          "500": {
            "description": "# [500 Internal Server Error](https://developer.mozilla.org/en-US/docs/Web/HTTP/Status/500)\nThis response is given when something wend wrong on the server. "
          }
        },
        "security": [
          {
            "Bearer": []
          }
        ]
      }
    },
    "/sessions/{id}": {
      "get": {
        "description": "Read (retrieve) a session by ID",
        "operationId": "handlers_sessions_read",
        "parameters": [
          {
            "name": "id",
            "in": "path",
            "required": true,
            "schema": {
              "type": "string"
            }
          }
        ],
        "responses": {
          "200": {
            "description": "",
            "content": {
              "application/json": {
                "schema": {
                  "$ref": "#/components/schemas/ReadSessionOutput"
                }
              }
            }
          },
          "400": {
            "description": "# [400 Bad Request](https://developer.mozilla.org/en-US/docs/Web/HTTP/Status/400)\nThe request given is wrongly formatted or data asked could not be fulfilled. "
          },
          "404": {
            "description": "# [404 Not Found](https://developer.mozilla.org/en-US/docs/Web/HTTP/Status/404)\nThis response is given when you request a page that does not exists."
          },
          "422": {
            "description": "# [422 Unprocessable Entity](https://developer.mozilla.org/en-US/docs/Web/HTTP/Status/422)\nThis response is given when you request body is not correctly formatted. "
          },
          "500": {
            "description": "# [500 Internal Server Error](https://developer.mozilla.org/en-US/docs/Web/HTTP/Status/500)\nThis response is given when something wend wrong on the server. "
          }
        },
        "security": [
          {
            "Bearer": []
          }
        ]
      },
      "put": {
        "description": "Update an existing session (PUT - partial update, only provided fields are updated)",
        "operationId": "handlers_sessions_update",
        "parameters": [
          {
            "name": "id",
            "in": "path",
            "required": true,
            "schema": {
              "type": "string"
            }
          }
        ],
        "requestBody": {
          "content": {
            "application/json": {
              "schema": {
                "$ref": "#/components/schemas/UpdateSessionInput"
              }
            }
          },
          "required": true
        },
        "responses": {
          "200": {
            "description": "",
            "content": {
              "application/json": {
                "schema": {
                  "$ref": "#/components/schemas/UpdateSessionOutput"
                }
              }
            }
          },
          "400": {
            "description": "# [400 Bad Request](https://developer.mozilla.org/en-US/docs/Web/HTTP/Status/400)\nThe request given is wrongly formatted or data asked could not be fulfilled. "
          },
          "404": {
            "description": "# [404 Not Found](https://developer.mozilla.org/en-US/docs/Web/HTTP/Status/404)\nThis response is given when you request a page that does not exists."
          },
          "422": {
            "description": "# [422 Unprocessable Entity](https://developer.mozilla.org/en-US/docs/Web/HTTP/Status/422)\nThis response is given when you request body is not correctly formatted. "
          },
          "500": {
            "description": "# [500 Internal Server Error](https://developer.mozilla.org/en-US/docs/Web/HTTP/Status/500)\nThis response is given when something wend wrong on the server. "
          }
        },
        "security": [
          {
            "Bearer": []
          }
        ]
      },
      "delete": {
        "description": "Delete a session by ID",
        "operationId": "handlers_sessions_delete",
        "parameters": [
          {
            "name": "id",
            "in": "path",
            "required": true,
            "schema": {
              "type": "string"
            }
          }
        ],
        "responses": {
          "200": {
            "description": "",
            "content": {
              "application/json": {
                "schema": {
                  "$ref": "#/components/schemas/DeleteSessionOutput"
                }
              }
            }
          },
          "400": {
            "description": "# [400 Bad Request](https://developer.mozilla.org/en-US/docs/Web/HTTP/Status/400)\nThe request given is wrongly formatted or data asked could not be fulfilled. "
          },
          "404": {
            "description": "# [404 Not Found](https://developer.mozilla.org/en-US/docs/Web/HTTP/Status/404)\nThis response is given when you request a page that does not exists."
          },
          "422": {
            "description": "# [422 Unprocessable Entity](https://developer.mozilla.org/en-US/docs/Web/HTTP/Status/422)\nThis response is given when you request body is not correctly formatted. "
          },
          "500": {
            "description": "# [500 Internal Server Error](https://developer.mozilla.org/en-US/docs/Web/HTTP/Status/500)\nThis response is given when something wend wrong on the server. "
          }
        },
        "security": [
          {
            "Bearer": []
          }
        ]
      }
    },
    "/prompts": {
      "post": {
        "description": "Create a new prompt",
        "operationId": "handlers_prompts_create",
        "requestBody": {
          "content": {
            "application/json": {
              "schema": {
                "$ref": "#/components/schemas/CreatePromptInput"
              }
            }
          },
          "required": true
        },
        "responses": {
          "200": {
            "description": "",
            "content": {
              "application/json": {
                "schema": {
                  "$ref": "#/components/schemas/CreatePromptOutput"
                }
              }
            }
          },
          "400": {
            "description": "# [400 Bad Request](https://developer.mozilla.org/en-US/docs/Web/HTTP/Status/400)\nThe request given is wrongly formatted or data asked could not be fulfilled. "
          },
          "404": {
            "description": "# [404 Not Found](https://developer.mozilla.org/en-US/docs/Web/HTTP/Status/404)\nThis response is given when you request a page that does not exists."
          },
          "422": {
            "description": "# [422 Unprocessable Entity](https://developer.mozilla.org/en-US/docs/Web/HTTP/Status/422)\nThis response is given when you request body is not correctly formatted. "
          },
          "500": {
            "description": "# [500 Internal Server Error](https://developer.mozilla.org/en-US/docs/Web/HTTP/Status/500)\nThis response is given when something wend wrong on the server. "
          }
        },
        "security": [
          {
            "Bearer": []
          }
        ]
      }
    },
    "/prompts/{id}": {
      "get": {
        "description": "Read (retrieve) a prompt by ID",
        "operationId": "handlers_prompts_read",
        "parameters": [
          {
            "name": "id",
            "in": "path",
            "required": true,
            "schema": {
              "type": "string"
            }
          }
        ],
        "responses": {
          "200": {
            "description": "",
            "content": {
              "application/json": {
                "schema": {
                  "$ref": "#/components/schemas/ReadPromptOutput"
                }
              }
            }
          },
          "400": {
            "description": "# [400 Bad Request](https://developer.mozilla.org/en-US/docs/Web/HTTP/Status/400)\nThe request given is wrongly formatted or data asked could not be fulfilled. "
          },
          "404": {
            "description": "# [404 Not Found](https://developer.mozilla.org/en-US/docs/Web/HTTP/Status/404)\nThis response is given when you request a page that does not exists."
          },
          "422": {
            "description": "# [422 Unprocessable Entity](https://developer.mozilla.org/en-US/docs/Web/HTTP/Status/422)\nThis response is given when you request body is not correctly formatted. "
          },
          "500": {
            "description": "# [500 Internal Server Error](https://developer.mozilla.org/en-US/docs/Web/HTTP/Status/500)\nThis response is given when something wend wrong on the server. "
          }
        },
        "security": [
          {
            "Bearer": []
          }
        ]
      },
      "put": {
        "description": "Update an existing prompt (PUT - full replacement)",
        "operationId": "handlers_prompts_update",
        "parameters": [
          {
            "name": "id",
            "in": "path",
            "required": true,
            "schema": {
              "type": "string"
            }
          }
        ],
        "requestBody": {
          "content": {
            "application/json": {
              "schema": {
                "$ref": "#/components/schemas/UpdatePromptInput"
              }
            }
          },
          "required": true
        },
        "responses": {
          "200": {
            "description": "",
            "content": {
              "application/json": {
                "schema": {
                  "$ref": "#/components/schemas/UpdatePromptOutput"
                }
              }
            }
          },
          "400": {
            "description": "# [400 Bad Request](https://developer.mozilla.org/en-US/docs/Web/HTTP/Status/400)\nThe request given is wrongly formatted or data asked could not be fulfilled. "
          },
          "404": {
            "description": "# [404 Not Found](https://developer.mozilla.org/en-US/docs/Web/HTTP/Status/404)\nThis response is given when you request a page that does not exists."
          },
          "422": {
            "description": "# [422 Unprocessable Entity](https://developer.mozilla.org/en-US/docs/Web/HTTP/Status/422)\nThis response is given when you request body is not correctly formatted. "
          },
          "500": {
            "description": "# [500 Internal Server Error](https://developer.mozilla.org/en-US/docs/Web/HTTP/Status/500)\nThis response is given when something wend wrong on the server. "
          }
        },
        "security": [
          {
            "Bearer": []
          }
        ]
      },
      "delete": {
        "description": "Delete a prompt by ID",
        "operationId": "handlers_prompts_delete",
        "parameters": [
          {
            "name": "id",
            "in": "path",
            "required": true,
            "schema": {
              "type": "string"
            }
          }
        ],
        "responses": {
          "200": {
            "description": "",
            "content": {
              "application/json": {
                "schema": {
                  "$ref": "#/components/schemas/DeletePromptOutput"
                }
              }
            }
          },
          "400": {
            "description": "# [400 Bad Request](https://developer.mozilla.org/en-US/docs/Web/HTTP/Status/400)\nThe request given is wrongly formatted or data asked could not be fulfilled. "
          },
          "404": {
            "description": "# [404 Not Found](https://developer.mozilla.org/en-US/docs/Web/HTTP/Status/404)\nThis response is given when you request a page that does not exists."
          },
          "422": {
            "description": "# [422 Unprocessable Entity](https://developer.mozilla.org/en-US/docs/Web/HTTP/Status/422)\nThis response is given when you request body is not correctly formatted. "
          },
          "500": {
            "description": "# [500 Internal Server Error](https://developer.mozilla.org/en-US/docs/Web/HTTP/Status/500)\nThis response is given when something wend wrong on the server. "
          }
        },
        "security": [
          {
            "Bearer": []
          }
        ]
      }
    },
    "/sessions/{session_id}/prompts": {
      "get": {
        "description": "List all prompts for a session",
        "operationId": "handlers_prompts_list",
        "parameters": [
          {
            "name": "session_id",
            "in": "path",
            "required": true,
            "schema": {
              "type": "string"
            }
          }
        ],
        "responses": {
          "200": {
            "description": "",
            "content": {
              "application/json": {
                "schema": {
                  "$ref": "#/components/schemas/ListPromptsOutput"
                }
              }
            }
          },
          "400": {
            "description": "# [400 Bad Request](https://developer.mozilla.org/en-US/docs/Web/HTTP/Status/400)\nThe request given is wrongly formatted or data asked could not be fulfilled. "
          },
          "404": {
            "description": "# [404 Not Found](https://developer.mozilla.org/en-US/docs/Web/HTTP/Status/404)\nThis response is given when you request a page that does not exists."
          },
          "422": {
            "description": "# [422 Unprocessable Entity](https://developer.mozilla.org/en-US/docs/Web/HTTP/Status/422)\nThis response is given when you request body is not correctly formatted. "
          },
          "500": {
            "description": "# [500 Internal Server Error](https://developer.mozilla.org/en-US/docs/Web/HTTP/Status/500)\nThis response is given when something wend wrong on the server. "
          }
        },
        "security": [
          {
            "Bearer": []
          }
        ]
      }
    },
    "/messages": {
      "post": {
        "description": "Create a new message",
        "operationId": "handlers_messages_create",
        "requestBody": {
          "content": {
            "application/json": {
              "schema": {
                "$ref": "#/components/schemas/CreateMessageInput"
              }
            }
          },
          "required": true
        },
        "responses": {
          "200": {
            "description": "",
            "content": {
              "application/json": {
                "schema": {
                  "$ref": "#/components/schemas/CreateMessageOutput"
                }
              }
            }
          },
          "400": {
            "description": "# [400 Bad Request](https://developer.mozilla.org/en-US/docs/Web/HTTP/Status/400)\nThe request given is wrongly formatted or data asked could not be fulfilled. "
          },
          "404": {
            "description": "# [404 Not Found](https://developer.mozilla.org/en-US/docs/Web/HTTP/Status/404)\nThis response is given when you request a page that does not exists."
          },
          "422": {
            "description": "# [422 Unprocessable Entity](https://developer.mozilla.org/en-US/docs/Web/HTTP/Status/422)\nThis response is given when you request body is not correctly formatted. "
          },
          "500": {
            "description": "# [500 Internal Server Error](https://developer.mozilla.org/en-US/docs/Web/HTTP/Status/500)\nThis response is given when something wend wrong on the server. "
          }
        },
        "security": [
          {
            "Bearer": []
          }
        ]
      }
    },
    "/messages/{id}": {
      "get": {
        "description": "Read (retrieve) a message by ID",
        "operationId": "handlers_messages_read",
        "parameters": [
          {
            "name": "id",
            "in": "path",
            "required": true,
            "schema": {
              "type": "string"
            }
          }
        ],
        "responses": {
          "200": {
            "description": "",
            "content": {
              "application/json": {
                "schema": {
                  "$ref": "#/components/schemas/ReadMessageOutput"
                }
              }
            }
          },
          "400": {
            "description": "# [400 Bad Request](https://developer.mozilla.org/en-US/docs/Web/HTTP/Status/400)\nThe request given is wrongly formatted or data asked could not be fulfilled. "
          },
          "404": {
            "description": "# [404 Not Found](https://developer.mozilla.org/en-US/docs/Web/HTTP/Status/404)\nThis response is given when you request a page that does not exists."
          },
          "422": {
            "description": "# [422 Unprocessable Entity](https://developer.mozilla.org/en-US/docs/Web/HTTP/Status/422)\nThis response is given when you request body is not correctly formatted. "
          },
          "500": {
            "description": "# [500 Internal Server Error](https://developer.mozilla.org/en-US/docs/Web/HTTP/Status/500)\nThis response is given when something wend wrong on the server. "
          }
        },
        "security": [
          {
            "Bearer": []
          }
        ]
      },
      "put": {
        "description": "Update an existing message (PUT - full replacement)",
        "operationId": "handlers_messages_update",
        "parameters": [
          {
            "name": "id",
            "in": "path",
            "required": true,
            "schema": {
              "type": "string"
            }
          }
        ],
        "requestBody": {
          "content": {
            "application/json": {
              "schema": {
                "$ref": "#/components/schemas/UpdateMessageInput"
              }
            }
          },
          "required": true
        },
        "responses": {
          "200": {
            "description": "",
            "content": {
              "application/json": {
                "schema": {
                  "$ref": "#/components/schemas/UpdateMessageOutput"
                }
              }
            }
          },
          "400": {
            "description": "# [400 Bad Request](https://developer.mozilla.org/en-US/docs/Web/HTTP/Status/400)\nThe request given is wrongly formatted or data asked could not be fulfilled. "
          },
          "404": {
            "description": "# [404 Not Found](https://developer.mozilla.org/en-US/docs/Web/HTTP/Status/404)\nThis response is given when you request a page that does not exists."
          },
          "422": {
            "description": "# [422 Unprocessable Entity](https://developer.mozilla.org/en-US/docs/Web/HTTP/Status/422)\nThis response is given when you request body is not correctly formatted. "
          },
          "500": {
            "description": "# [500 Internal Server Error](https://developer.mozilla.org/en-US/docs/Web/HTTP/Status/500)\nThis response is given when something wend wrong on the server. "
          }
        },
        "security": [
          {
            "Bearer": []
          }
        ]
      },
      "delete": {
        "description": "Delete a message by ID",
        "operationId": "handlers_messages_delete",
        "parameters": [
          {
            "name": "id",
            "in": "path",
            "required": true,
            "schema": {
              "type": "string"
            }
          }
        ],
        "responses": {
          "200": {
            "description": "",
            "content": {
              "application/json": {
                "schema": {
                  "$ref": "#/components/schemas/DeleteMessageOutput"
                }
              }
            }
          },
          "400": {
            "description": "# [400 Bad Request](https://developer.mozilla.org/en-US/docs/Web/HTTP/Status/400)\nThe request given is wrongly formatted or data asked could not be fulfilled. "
          },
          "404": {
            "description": "# [404 Not Found](https://developer.mozilla.org/en-US/docs/Web/HTTP/Status/404)\nThis response is given when you request a page that does not exists."
          },
          "422": {
            "description": "# [422 Unprocessable Entity](https://developer.mozilla.org/en-US/docs/Web/HTTP/Status/422)\nThis response is given when you request body is not correctly formatted. "
          },
          "500": {
            "description": "# [500 Internal Server Error](https://developer.mozilla.org/en-US/docs/Web/HTTP/Status/500)\nThis response is given when something wend wrong on the server. "
          }
        },
        "security": [
          {
            "Bearer": []
          }
        ]
      }
    },
    "/prompts/{prompt_id}/messages": {
      "get": {
        "description": "List all messages for a prompt",
        "operationId": "handlers_messages_list",
        "parameters": [
          {
            "name": "prompt_id",
            "in": "path",
            "required": true,
            "schema": {
              "type": "string"
            }
          }
        ],
        "responses": {
          "200": {
            "description": "",
            "content": {
              "application/json": {
                "schema": {
                  "$ref": "#/components/schemas/ListMessagesOutput"
                }
              }
            }
          },
          "400": {
            "description": "# [400 Bad Request](https://developer.mozilla.org/en-US/docs/Web/HTTP/Status/400)\nThe request given is wrongly formatted or data asked could not be fulfilled. "
          },
          "404": {
            "description": "# [404 Not Found](https://developer.mozilla.org/en-US/docs/Web/HTTP/Status/404)\nThis response is given when you request a page that does not exists."
          },
          "422": {
            "description": "# [422 Unprocessable Entity](https://developer.mozilla.org/en-US/docs/Web/HTTP/Status/422)\nThis response is given when you request body is not correctly formatted. "
          },
          "500": {
            "description": "# [500 Internal Server Error](https://developer.mozilla.org/en-US/docs/Web/HTTP/Status/500)\nThis response is given when something wend wrong on the server. "
          }
        },
        "security": [
          {
            "Bearer": []
          }
        ]
      }
    },
    "/webhook/return": {
      "post": {
        "description": "Webhook endpoint for IP allocator to trigger Railway redeployment This endpoint receives item return notifications from the IP allocator and triggers a Railway deployment redeploy to refresh the deployment state",
        "operationId": "handlers_webhooks_return_item",
        "requestBody": {
          "content": {
            "application/json": {
              "schema": {
                "$ref": "#/components/schemas/ReturnItemInput"
              }
            }
          },
          "required": true
        },
        "responses": {
          "200": {
            "description": "",
            "content": {
              "application/json": {
                "schema": {
                  "$ref": "#/components/schemas/ReturnItemOutput"
                }
              }
            }
          },
          "400": {
            "description": "# [400 Bad Request](https://developer.mozilla.org/en-US/docs/Web/HTTP/Status/400)\nThe request given is wrongly formatted or data asked could not be fulfilled. "
          },
          "404": {
            "description": "# [404 Not Found](https://developer.mozilla.org/en-US/docs/Web/HTTP/Status/404)\nThis response is given when you request a page that does not exists."
          },
          "422": {
            "description": "# [422 Unprocessable Entity](https://developer.mozilla.org/en-US/docs/Web/HTTP/Status/422)\nThis response is given when you request body is not correctly formatted. "
          },
          "500": {
            "description": "# [500 Internal Server Error](https://developer.mozilla.org/en-US/docs/Web/HTTP/Status/500)\nThis response is given when something wend wrong on the server. "
          }
        }
      }
    },
    "/dead-letter-queue": {
      "get": {
        "tags": [
          "Dead Letter Queue"
        ],
        "description": "List all dead letter queue entries\n\nReturns all entries in the dead letter queue, optionally filtered by status",
        "operationId": "handlers_dead_letter_queue_list_dlq_entries",
        "parameters": [
          {
            "name": "status",
            "in": "query",
            "schema": {
              "type": "string",
              "nullable": true
            }
          }
        ],
        "responses": {
          "200": {
            "description": "",
            "content": {
              "application/json": {
                "schema": {
                  "$ref": "#/components/schemas/ListDlqOutput"
                }
              }
            }
          },
          "400": {
            "description": "# [400 Bad Request](https://developer.mozilla.org/en-US/docs/Web/HTTP/Status/400)\nThe request given is wrongly formatted or data asked could not be fulfilled. "
          },
          "404": {
            "description": "# [404 Not Found](https://developer.mozilla.org/en-US/docs/Web/HTTP/Status/404)\nThis response is given when you request a page that does not exists."
          },
          "422": {
            "description": "# [422 Unprocessable Entity](https://developer.mozilla.org/en-US/docs/Web/HTTP/Status/422)\nThis response is given when you request body is not correctly formatted. "
          },
          "500": {
            "description": "# [500 Internal Server Error](https://developer.mozilla.org/en-US/docs/Web/HTTP/Status/500)\nThis response is given when something wend wrong on the server. "
          }
        },
        "security": [
          {
            "Bearer": []
          }
        ]
      }
    },
    "/dead-letter-queue/{id}": {
      "get": {
        "tags": [
          "Dead Letter Queue"
        ],
        "description": "Get a specific dead letter queue entry\n\nReturns details of a single DLQ entry by ID",
        "operationId": "handlers_dead_letter_queue_get_dlq_entry",
        "parameters": [
          {
            "name": "id",
            "in": "path",
            "required": true,
            "schema": {
              "type": "string"
            }
          }
        ],
        "responses": {
          "200": {
            "description": "",
            "content": {
              "application/json": {
                "schema": {
                  "$ref": "#/components/schemas/DlqDto"
                }
              }
            }
          },
          "400": {
            "description": "# [400 Bad Request](https://developer.mozilla.org/en-US/docs/Web/HTTP/Status/400)\nThe request given is wrongly formatted or data asked could not be fulfilled. "
          },
          "404": {
            "description": "# [404 Not Found](https://developer.mozilla.org/en-US/docs/Web/HTTP/Status/404)\nThis response is given when you request a page that does not exists."
          },
          "422": {
            "description": "# [422 Unprocessable Entity](https://developer.mozilla.org/en-US/docs/Web/HTTP/Status/422)\nThis response is given when you request body is not correctly formatted. "
          },
          "500": {
            "description": "# [500 Internal Server Error](https://developer.mozilla.org/en-US/docs/Web/HTTP/Status/500)\nThis response is given when something wend wrong on the server. "
          }
        },
        "security": [
          {
            "Bearer": []
          }
        ]
      }
    },
    "/dead-letter-queue/{id}/resolve": {
      "post": {
        "tags": [
          "Dead Letter Queue"
        ],
        "description": "Mark a DLQ entry as resolved\n\nMarks a dead letter queue entry as resolved with optional resolution notes",
        "operationId": "handlers_dead_letter_queue_resolve_dlq",
        "parameters": [
          {
            "name": "id",
            "in": "path",
            "required": true,
            "schema": {
              "type": "string"
            }
          }
        ],
        "requestBody": {
          "content": {
            "application/json": {
              "schema": {
                "$ref": "#/components/schemas/ResolveDlqInput"
              }
            }
          },
          "required": true
        },
        "responses": {
          "200": {
            "description": "",
            "content": {
              "application/json": {
                "schema": {
                  "$ref": "#/components/schemas/ResolveDlqOutput"
                }
              }
            }
          },
          "400": {
            "description": "# [400 Bad Request](https://developer.mozilla.org/en-US/docs/Web/HTTP/Status/400)\nThe request given is wrongly formatted or data asked could not be fulfilled. "
          },
          "404": {
            "description": "# [404 Not Found](https://developer.mozilla.org/en-US/docs/Web/HTTP/Status/404)\nThis response is given when you request a page that does not exists."
          },
          "422": {
            "description": "# [422 Unprocessable Entity](https://developer.mozilla.org/en-US/docs/Web/HTTP/Status/422)\nThis response is given when you request body is not correctly formatted. "
          },
          "500": {
            "description": "# [500 Internal Server Error](https://developer.mozilla.org/en-US/docs/Web/HTTP/Status/500)\nThis response is given when something wend wrong on the server. "
          }
        },
        "security": [
          {
            "Bearer": []
          }
        ]
      }
    },
    "/dead-letter-queue/{id}/abandon": {
      "post": {
        "tags": [
          "Dead Letter Queue"
        ],
        "description": "Mark a DLQ entry as abandoned\n\nMarks a dead letter queue entry as abandoned with optional resolution notes",
        "operationId": "handlers_dead_letter_queue_abandon_dlq",
        "parameters": [
          {
            "name": "id",
            "in": "path",
            "required": true,
            "schema": {
              "type": "string"
            }
          }
        ],
        "requestBody": {
          "content": {
            "application/json": {
              "schema": {
                "$ref": "#/components/schemas/AbandonDlqInput"
              }
            }
          },
          "required": true
        },
        "responses": {
          "200": {
            "description": "",
            "content": {
              "application/json": {
                "schema": {
                  "$ref": "#/components/schemas/AbandonDlqOutput"
                }
              }
            }
          },
          "400": {
            "description": "# [400 Bad Request](https://developer.mozilla.org/en-US/docs/Web/HTTP/Status/400)\nThe request given is wrongly formatted or data asked could not be fulfilled. "
          },
          "404": {
            "description": "# [404 Not Found](https://developer.mozilla.org/en-US/docs/Web/HTTP/Status/404)\nThis response is given when you request a page that does not exists."
          },
          "422": {
            "description": "# [422 Unprocessable Entity](https://developer.mozilla.org/en-US/docs/Web/HTTP/Status/422)\nThis response is given when you request body is not correctly formatted. "
          },
          "500": {
            "description": "# [500 Internal Server Error](https://developer.mozilla.org/en-US/docs/Web/HTTP/Status/500)\nThis response is given when something wend wrong on the server. "
          }
        },
        "security": [
          {
            "Bearer": []
          }
        ]
      }
    }
  },
  "components": {
    "schemas": {
      "HealthResponse": {
        "type": "object",
        "required": [
          "status"
        ],
        "properties": {
          "status": {
            "type": "string"
          }
        }
      },
      "CreateSessionOutput": {
        "type": "object",
        "required": [
          "id",
          "message",
          "success"
        ],
        "properties": {
          "success": {
            "type": "boolean"
          },
          "message": {
            "type": "string"
          },
          "id": {
            "type": "string"
          }
        }
      },
      "CreateSessionInput": {
        "type": "object",
        "required": [
          "repo",
          "target_branch"
        ],
        "properties": {
          "parent": {
            "type": "string",
            "nullable": true
          },
          "repo": {
            "type": "string"
          },
          "target_branch": {
            "type": "string"
          }
        }
      },
      "CreateSessionWithPromptOutput": {
        "type": "object",
        "required": [
          "message",
          "promptId",
          "sessionId",
          "success"
        ],
        "properties": {
          "success": {
            "type": "boolean"
          },
          "message": {
            "type": "string"
          },
          "sessionId": {
            "type": "string"
          },
          "promptId": {
            "type": "string"
          }
        }
      },
      "CreateSessionWithPromptInput": {
        "type": "object",
        "required": [
          "messages",
          "repo",
          "target_branch"
        ],
        "properties": {
          "repo": {
            "type": "string"
          },
          "target_branch": {
            "type": "string"
          },
          "messages": {},
          "parent_id": {
            "type": "string",
            "nullable": true
          }
        }
      },
      "ReadSessionOutput": {
        "type": "object",
        "required": [
          "session"
        ],
        "properties": {
          "session": {
            "$ref": "#/components/schemas/SessionDto"
          }
        }
      },
      "SessionDto": {
        "type": "object",
        "required": [
          "created_at",
          "id",
          "ui_status",
          "updated_at"
        ],
        "properties": {
          "id": {
            "type": "string"
          },
          "sbx_config": {
            "nullable": true
          },
          "parent": {
            "type": "string",
            "nullable": true
          },
          "branch": {
            "type": "string",
            "nullable": true
          },
          "repo": {
            "type": "string",
            "nullable": true
          },
          "target_branch": {
            "type": "string",
            "nullable": true
          },
          "title": {
            "type": "string",
            "nullable": true
          },
          "ui_status": {
            "$ref": "#/components/schemas/UiStatus"
          },
          "created_at": {
            "type": "string"
          },
          "updated_at": {
            "type": "string"
          },
          "deleted_at": {
            "type": "string",
            "nullable": true
          }
        }
      },
      "UiStatus": {
        "type": "string",
        "enum": [
          "Pending",
          "InProgress",
          "NeedsReview",
          "Archived"
        ]
      },
      "ListSessionsOutput": {
        "type": "object",
        "required": [
          "sessions"
        ],
        "properties": {
          "sessions": {
            "type": "array",
            "items": {
              "$ref": "#/components/schemas/SessionDto"
            }
          }
        }
      },
      "UpdateSessionOutput": {
        "type": "object",
        "required": [
          "message",
          "success"
        ],
        "properties": {
          "success": {
            "type": "boolean"
          },
          "message": {
            "type": "string"
          }
        }
      },
      "UpdateSessionInput": {
        "type": "object",
        "required": [
          "id"
        ],
        "properties": {
          "id": {
            "type": "string"
          },
          "sbx_config": {
            "nullable": true
          },
          "parent": {
            "type": "string",
            "nullable": true
          },
          "branch": {
            "type": "string",
            "nullable": true
          },
          "repo": {
            "type": "string",
            "nullable": true
          },
          "target_branch": {
            "type": "string",
            "nullable": true
          },
          "title": {
            "type": "string",
            "nullable": true
          },
          "ui_status": {
            "allOf": [
              {
                "$ref": "#/components/schemas/UiStatus"
              }
            ],
            "nullable": true
          }
        }
      },
      "DeleteSessionOutput": {
        "type": "object",
        "required": [
          "message",
          "success"
        ],
        "properties": {
          "success": {
            "type": "boolean"
          },
          "message": {
            "type": "string"
          }
        }
      },
      "CreatePromptOutput": {
        "type": "object",
        "required": [
          "id",
          "message",
          "success"
        ],
        "properties": {
          "success": {
            "type": "boolean"
          },
          "message": {
            "type": "string"
          },
          "id": {
            "type": "string"
          }
        }
      },
      "CreatePromptInput": {
        "type": "object",
        "required": [
          "data",
          "session_id"
        ],
        "properties": {
          "session_id": {
            "type": "string"
          },
          "data": {}
        }
      },
      "ReadPromptOutput": {
        "type": "object",
        "required": [
          "prompt"
        ],
        "properties": {
          "prompt": {
            "$ref": "#/components/schemas/PromptDto"
          }
        }
      },
      "PromptDto": {
        "type": "object",
        "required": [
          "created_at",
          "data",
          "id",
          "inbox_status",
          "session_id",
          "updated_at"
        ],
        "properties": {
          "id": {
            "type": "string"
          },
          "session_id": {
            "type": "string"
          },
          "data": {},
          "inbox_status": {
            "$ref": "#/components/schemas/InboxStatus"
          },
          "created_at": {
            "type": "string"
          },
          "updated_at": {
            "type": "string"
          }
        }
      },
      "InboxStatus": {
        "type": "string",
        "enum": [
          "Pending",
          "Active",
          "Completed",
          "Archived"
        ]
      },
      "ListPromptsOutput": {
        "type": "object",
        "required": [
          "prompts"
        ],
        "properties": {
          "prompts": {
            "type": "array",
            "items": {
              "$ref": "#/components/schemas/PromptDto"
            }
          }
        }
      },
      "UpdatePromptOutput": {
        "type": "object",
        "required": [
          "message",
          "success"
        ],
        "properties": {
          "success": {
            "type": "boolean"
          },
          "message": {
            "type": "string"
          }
        }
      },
      "UpdatePromptInput": {
        "type": "object",
        "required": [
          "data"
        ],
        "properties": {
          "data": {}
        }
      },
      "DeletePromptOutput": {
        "type": "object",
        "required": [
          "message",
          "success"
        ],
        "properties": {
          "success": {
            "type": "boolean"
          },
          "message": {
            "type": "string"
          }
        }
      },
      "CreateMessageOutput": {
        "type": "object",
        "required": [
          "id",
          "message",
          "success"
        ],
        "properties": {
          "success": {
            "type": "boolean"
          },
          "message": {
            "type": "string"
          },
          "id": {
            "type": "string"
          }
        }
      },
      "CreateMessageInput": {
        "type": "object",
        "required": [
          "data",
          "prompt_id"
        ],
        "properties": {
          "prompt_id": {
            "type": "string"
          },
          "data": {}
        }
      },
      "ReadMessageOutput": {
        "type": "object",
        "required": [
          "message"
        ],
        "properties": {
          "message": {
            "$ref": "#/components/schemas/MessageDto"
          }
        }
      },
      "MessageDto": {
        "type": "object",
        "required": [
          "created_at",
          "data",
          "id",
          "prompt_id",
          "updated_at"
        ],
        "properties": {
          "id": {
            "type": "string"
          },
          "prompt_id": {
            "type": "string"
          },
          "data": {},
          "created_at": {
            "type": "string"
          },
          "updated_at": {
            "type": "string"
          }
        }
      },
      "ListMessagesOutput": {
        "type": "object",
        "required": [
          "messages"
        ],
        "properties": {
          "messages": {
            "type": "array",
            "items": {
              "$ref": "#/components/schemas/MessageDto"
            }
          }
        }
      },
      "UpdateMessageOutput": {
        "type": "object",
        "required": [
          "message",
          "success"
        ],
        "properties": {
          "success": {
            "type": "boolean"
          },
          "message": {
            "type": "string"
          }
        }
      },
      "UpdateMessageInput": {
        "type": "object",
        "required": [
          "data"
        ],
        "properties": {
          "data": {}
        }
      },
      "DeleteMessageOutput": {
        "type": "object",
        "required": [
          "message",
          "success"
        ],
        "properties": {
          "success": {
            "type": "boolean"
          },
          "message": {
            "type": "string"
          }
        }
      },
      "ReturnItemOutput": {
        "type": "object",
        "required": [
          "message",
          "success"
        ],
        "properties": {
          "success": {
            "type": "boolean"
          },
          "message": {
            "type": "string"
          }
        }
      },
      "ReturnItemInput": {
        "type": "object",
        "required": [
          "item"
        ],
        "properties": {
          "item": {}
        }
      },
      "ListDlqOutput": {
        "type": "object",
        "required": [
          "entries"
        ],
        "properties": {
          "entries": {
            "type": "array",
            "items": {
              "$ref": "#/components/schemas/DlqDto"
            }
          }
        }
      },
      "DlqDto": {
        "type": "object",
        "required": [
          "created_at",
          "entity_id",
          "first_failed_at",
          "id",
          "last_error",
          "last_error_at",
          "retry_count",
          "status",
          "task_type",
          "updated_at"
        ],
        "properties": {
          "id": {
            "type": "string"
          },
          "task_type": {
            "type": "string"
          },
          "entity_id": {
            "type": "string"
          },
          "entity_data": {
            "nullable": true
          },
          "retry_count": {
            "type": "integer",
            "format": "int32"
          },
          "last_error": {
            "type": "string"
          },
          "last_error_at": {
            "type": "string"
          },
          "first_failed_at": {
            "type": "string"
          },
          "status": {
            "$ref": "#/components/schemas/DlqStatus"
          },
          "resolution_notes": {
            "type": "string",
            "nullable": true
          },
          "created_at": {
            "type": "string"
          },
          "updated_at": {
            "type": "string"
          }
        }
      },
      "DlqStatus": {
        "type": "string",
        "enum": [
          "Pending",
          "Resolved",
          "Abandoned"
        ]
      },
      "ResolveDlqOutput": {
        "type": "object",
        "required": [
          "message",
          "success"
        ],
        "properties": {
          "success": {
            "type": "boolean"
          },
          "message": {
            "type": "string"
          }
        }
      },
      "ResolveDlqInput": {
        "type": "object",
        "properties": {
          "resolution_notes": {
            "type": "string",
            "nullable": true
          }
        }
      },
      "AbandonDlqOutput": {
        "type": "object",
        "required": [
          "message",
          "success"
        ],
        "properties": {
          "success": {
            "type": "boolean"
          },
          "message": {
            "type": "string"
          }
        }
      },
      "AbandonDlqInput": {
        "type": "object",
        "properties": {
          "resolution_notes": {
            "type": "string",
            "nullable": true
          }
        }
      }
    },
    "securitySchemes": {
      "Bearer": {
        "description": "JWT Bearer token from Keycloak",
        "type": "http",
        "scheme": "bearer",
        "bearerFormat": "JWT"
      }
    }
  }
}
